┏━━━━━━━━━━━━━━━━━━━━━━┳━━━━━━━━━━┳━━━━━━━━━━┳━━━━━━━━━━┳━━━━━━━━━━┳━━━━━━━━━━━┳━━━━━━━━━━┳━━━━━━━━━━━┳━━━━━━━━━━┳━━━━━━━━━━━┳━━━━━━━━━━┳━━━━━━━━━━━┳━━━━━━━━━━┓
┃                      ┃ Hold     ┃ Reg to   ┃          ┃          ┃ of which  ┃ Setup    ┃           ┃          ┃           ┃ of which ┃           ┃          ┃
┃                      ┃ Worst    ┃ Reg      ┃          ┃ Hold Vio ┃ reg to    ┃ Worst    ┃ Reg to    ┃ Setup    ┃ Setup Vio ┃ reg to   ┃ Max Cap   ┃ Max Slew ┃
┃ Corner/Group         ┃ Slack    ┃ Paths    ┃ Hold TNS ┃ Count    ┃ reg       ┃ Slack    ┃ Reg Paths ┃ TNS      ┃ Count     ┃ reg      ┃ Violatio… ┃ Violati… ┃
┡━━━━━━━━━━━━━━━━━━━━━━╇━━━━━━━━━━╇━━━━━━━━━━╇━━━━━━━━━━╇━━━━━━━━━━╇━━━━━━━━━━━╇━━━━━━━━━━╇━━━━━━━━━━━╇━━━━━━━━━━╇━━━━━━━━━━━╇━━━━━━━━━━╇━━━━━━━━━━━╇━━━━━━━━━━┩
│ Overall              │ 1000000… │ N/A      │ 0.0000   │ 0        │ 0         │ 3.7031   │ N/A       │ 0.0000   │ 0         │ 0        │ 33        │ 33       │
│ nom_tt_025C_1v80     │ 1000000… │ N/A      │ 0.0000   │ 0        │ 0         │ 13.8430  │ N/A       │ 0.0000   │ 0         │ 0        │ 33        │ 33       │
│ nom_ss_100C_1v60     │ 1000000… │ N/A      │ 0.0000   │ 0        │ 0         │ 3.9707   │ N/A       │ 0.0000   │ 0         │ 0        │ 33        │ 33       │
│ nom_ff_n40C_1v95     │ 1000000… │ N/A      │ 0.0000   │ 0        │ 0         │ 18.1127  │ N/A       │ 0.0000   │ 0         │ 0        │ 33        │ 33       │
│ min_tt_025C_1v80     │ 1000000… │ N/A      │ 0.0000   │ 0        │ 0         │ 13.9722  │ N/A       │ 0.0000   │ 0         │ 0        │ 33        │ 33       │
│ min_ss_100C_1v60     │ 1000000… │ N/A      │ 0.0000   │ 0        │ 0         │ 4.1270   │ N/A       │ 0.0000   │ 0         │ 0        │ 33        │ 33       │
│ min_ff_n40C_1v95     │ 1000000… │ N/A      │ 0.0000   │ 0        │ 0         │ 18.2302  │ N/A       │ 0.0000   │ 0         │ 0        │ 33        │ 33       │
│ max_tt_025C_1v80     │ 1000000… │ N/A      │ 0.0000   │ 0        │ 0         │ 13.6099  │ N/A       │ 0.0000   │ 0         │ 0        │ 33        │ 33       │
│ max_ss_100C_1v60     │ 1000000… │ N/A      │ 0.0000   │ 0        │ 0         │ 3.7031   │ N/A       │ 0.0000   │ 0         │ 0        │ 33        │ 33       │
│ max_ff_n40C_1v95     │ 1000000… │ N/A      │ 0.0000   │ 0        │ 0         │ 17.8910  │ N/A       │ 0.0000   │ 0         │ 0        │ 33        │ 33       │
└──────────────────────┴──────────┴──────────┴──────────┴──────────┴───────────┴──────────┴───────────┴──────────┴───────────┴──────────┴───────────┴──────────┘
