┏━━━━━━━━━━━━━━━━━━━━━━┳━━━━━━━━━━┳━━━━━━━━━━┳━━━━━━━━━━┳━━━━━━━━━━┳━━━━━━━━━━━┳━━━━━━━━━━┳━━━━━━━━━━━┳━━━━━━━━━━┳━━━━━━━━━━━┳━━━━━━━━━━┳━━━━━━━━━━━┳━━━━━━━━━━┓
┃                      ┃ Hold     ┃ Reg to   ┃          ┃          ┃ of which  ┃ Setup    ┃           ┃          ┃           ┃ of which ┃           ┃          ┃
┃                      ┃ Worst    ┃ Reg      ┃          ┃ Hold Vio ┃ reg to    ┃ Worst    ┃ Reg to    ┃ Setup    ┃ Setup Vio ┃ reg to   ┃ Max Cap   ┃ Max Slew ┃
┃ Corner/Group         ┃ Slack    ┃ Paths    ┃ Hold TNS ┃ Count    ┃ reg       ┃ Slack    ┃ Reg Paths ┃ TNS      ┃ Count     ┃ reg      ┃ Violatio… ┃ Violati… ┃
┡━━━━━━━━━━━━━━━━━━━━━━╇━━━━━━━━━━╇━━━━━━━━━━╇━━━━━━━━━━╇━━━━━━━━━━╇━━━━━━━━━━━╇━━━━━━━━━━╇━━━━━━━━━━━╇━━━━━━━━━━╇━━━━━━━━━━━╇━━━━━━━━━━╇━━━━━━━━━━━╇━━━━━━━━━━┩
│ Overall              │ 0.0861   │ 0.0861   │ 0.0000   │ 0        │ 0         │ 13.6223  │ 13.9352   │ 0.0000   │ 0         │ 0        │ 65        │ 65       │
│ nom_tt_025C_1v80     │ 0.2574   │ 0.2574   │ 0.0000   │ 0        │ 0         │ 21.1530  │ 22.7690   │ 0.0000   │ 0         │ 0        │ 65        │ 65       │
│ nom_ss_100C_1v60     │ 0.6146   │ 0.7210   │ 0.0000   │ 0        │ 0         │ 13.7006  │ 14.0585   │ 0.0000   │ 0         │ 0        │ 65        │ 65       │
│ nom_ff_n40C_1v95     │ 0.0870   │ 0.0870   │ 0.0000   │ 0        │ 0         │ 23.1502  │ 25.7209   │ 0.0000   │ 0         │ 0        │ 65        │ 65       │
│ min_tt_025C_1v80     │ 0.2561   │ 0.2561   │ 0.0000   │ 0        │ 0         │ 21.2923  │ 22.8240   │ 0.0000   │ 0         │ 0        │ 65        │ 65       │
│ min_ss_100C_1v60     │ 0.6173   │ 0.7188   │ 0.0000   │ 0        │ 0         │ 13.7773  │ 14.1708   │ 0.0000   │ 0         │ 0        │ 65        │ 65       │
│ min_ff_n40C_1v95     │ 0.0861   │ 0.0861   │ 0.0000   │ 0        │ 0         │ 23.2829  │ 25.7572   │ 0.0000   │ 0         │ 0        │ 65        │ 65       │
│ max_tt_025C_1v80     │ 0.2588   │ 0.2588   │ 0.0000   │ 0        │ 0         │ 20.7984  │ 22.7049   │ 0.0000   │ 0         │ 0        │ 65        │ 65       │
│ max_ss_100C_1v60     │ 0.6027   │ 0.7234   │ 0.0000   │ 0        │ 0         │ 13.6223  │ 13.9352   │ 0.0000   │ 0         │ 0        │ 65        │ 65       │
│ max_ff_n40C_1v95     │ 0.0880   │ 0.0880   │ 0.0000   │ 0        │ 0         │ 22.7969  │ 25.6783   │ 0.0000   │ 0         │ 0        │ 65        │ 65       │
└──────────────────────┴──────────┴──────────┴──────────┴──────────┴───────────┴──────────┴───────────┴──────────┴───────────┴──────────┴───────────┴──────────┘
