┏━━━━━━━━━━━━━━━━━━━━━━┳━━━━━━━━━━┳━━━━━━━━━━┳━━━━━━━━━━┳━━━━━━━━━━┳━━━━━━━━━━━┳━━━━━━━━━━┳━━━━━━━━━━━┳━━━━━━━━━━┳━━━━━━━━━━━┳━━━━━━━━━━┳━━━━━━━━━━━┳━━━━━━━━━━┓
┃                      ┃ Hold     ┃ Reg to   ┃          ┃          ┃ of which  ┃ Setup    ┃           ┃          ┃           ┃ of which ┃           ┃          ┃
┃                      ┃ Worst    ┃ Reg      ┃          ┃ Hold Vio ┃ reg to    ┃ Worst    ┃ Reg to    ┃ Setup    ┃ Setup Vio ┃ reg to   ┃ Max Cap   ┃ Max Slew ┃
┃ Corner/Group         ┃ Slack    ┃ Paths    ┃ Hold TNS ┃ Count    ┃ reg       ┃ Slack    ┃ Reg Paths ┃ TNS      ┃ Count     ┃ reg      ┃ Violatio… ┃ Violati… ┃
┡━━━━━━━━━━━━━━━━━━━━━━╇━━━━━━━━━━╇━━━━━━━━━━╇━━━━━━━━━━╇━━━━━━━━━━╇━━━━━━━━━━━╇━━━━━━━━━━╇━━━━━━━━━━━╇━━━━━━━━━━╇━━━━━━━━━━━╇━━━━━━━━━━╇━━━━━━━━━━━╇━━━━━━━━━━┩
│ Overall              │ 1000000… │ N/A      │ 0.0000   │ 0        │ 0         │ -1.2436  │ N/A       │ -9.0626  │ 33        │ 0        │ 64        │ 64       │
│ nom_tt_025C_1v80     │ 1000000… │ N/A      │ 0.0000   │ 0        │ 0         │ 12.5129  │ N/A       │ 0.0000   │ 0         │ 0        │ 64        │ 64       │
│ nom_ss_100C_1v60     │ 1000000… │ N/A      │ 0.0000   │ 0        │ 0         │ -0.8480  │ N/A       │ -3.3573  │ 11        │ 0        │ 64        │ 64       │
│ nom_ff_n40C_1v95     │ 1000000… │ N/A      │ 0.0000   │ 0        │ 0         │ 17.4968  │ N/A       │ 0.0000   │ 0         │ 0        │ 64        │ 64       │
│ min_tt_025C_1v80     │ 1000000… │ N/A      │ 0.0000   │ 0        │ 0         │ 12.7150  │ N/A       │ 0.0000   │ 0         │ 0        │ 64        │ 64       │
│ min_ss_100C_1v60     │ 1000000… │ N/A      │ 0.0000   │ 0        │ 0         │ -0.5721  │ N/A       │ -1.2464  │ 5         │ 0        │ 64        │ 64       │
│ min_ff_n40C_1v95     │ 1000000… │ N/A      │ 0.0000   │ 0        │ 0         │ 17.6756  │ N/A       │ 0.0000   │ 0         │ 0        │ 64        │ 64       │
│ max_tt_025C_1v80     │ 1000000… │ N/A      │ 0.0000   │ 0        │ 0         │ 12.1663  │ N/A       │ 0.0000   │ 0         │ 0        │ 64        │ 64       │
│ max_ss_100C_1v60     │ 1000000… │ N/A      │ 0.0000   │ 0        │ 0         │ -1.2436  │ N/A       │ -9.0626  │ 17        │ 0        │ 64        │ 64       │
│ max_ff_n40C_1v95     │ 1000000… │ N/A      │ 0.0000   │ 0        │ 0         │ 17.0965  │ N/A       │ 0.0000   │ 0         │ 0        │ 64        │ 64       │
└──────────────────────┴──────────┴──────────┴──────────┴──────────┴───────────┴──────────┴───────────┴──────────┴───────────┴──────────┴───────────┴──────────┘
