┏━━━━━━━━━━━━━━━━━━━━━━┳━━━━━━━━━━┳━━━━━━━━━━┳━━━━━━━━━━┳━━━━━━━━━━┳━━━━━━━━━━━┳━━━━━━━━━━┳━━━━━━━━━━━┳━━━━━━━━━━┳━━━━━━━━━━━┳━━━━━━━━━━┳━━━━━━━━━━━┳━━━━━━━━━━┓
┃                      ┃ Hold     ┃ Reg to   ┃          ┃          ┃ of which  ┃ Setup    ┃           ┃          ┃           ┃ of which ┃           ┃          ┃
┃                      ┃ Worst    ┃ Reg      ┃          ┃ Hold Vio ┃ reg to    ┃ Worst    ┃ Reg to    ┃ Setup    ┃ Setup Vio ┃ reg to   ┃ Max Cap   ┃ Max Slew ┃
┃ Corner/Group         ┃ Slack    ┃ Paths    ┃ Hold TNS ┃ Count    ┃ reg       ┃ Slack    ┃ Reg Paths ┃ TNS      ┃ Count     ┃ reg      ┃ Violatio… ┃ Violati… ┃
┡━━━━━━━━━━━━━━━━━━━━━━╇━━━━━━━━━━╇━━━━━━━━━━╇━━━━━━━━━━╇━━━━━━━━━━╇━━━━━━━━━━━╇━━━━━━━━━━╇━━━━━━━━━━━╇━━━━━━━━━━╇━━━━━━━━━━━╇━━━━━━━━━━╇━━━━━━━━━━━╇━━━━━━━━━━┩
│ Overall              │ 0.1146   │ 0.1146   │ 0.0000   │ 0        │ 0         │ 4.0328   │ 4.0328    │ 0.0000   │ 0         │ 0        │ 4         │ 803      │
│ nom_tt_025C_1v80     │ 0.3116   │ 0.3116   │ 0.0000   │ 0        │ 0         │ 12.6157  │ 12.6157   │ 0.0000   │ 0         │ 0        │ 4         │ 595      │
│ nom_ss_100C_1v60     │ 0.8157   │ 0.8157   │ 0.0000   │ 0        │ 0         │ 4.0328   │ 4.0328    │ 0.0000   │ 0         │ 0        │ 4         │ 803      │
│ nom_ff_n40C_1v95     │ 0.1146   │ 0.1146   │ 0.0000   │ 0        │ 0         │ 14.4738  │ 18.4754   │ 0.0000   │ 0         │ 0        │ 3         │ 464      │
└──────────────────────┴──────────┴──────────┴──────────┴──────────┴───────────┴──────────┴───────────┴──────────┴───────────┴──────────┴───────────┴──────────┘
