┏━━━━━━━━━━━━━━━━━━━━━━┳━━━━━━━━━━┳━━━━━━━━━━┳━━━━━━━━━━┳━━━━━━━━━━┳━━━━━━━━━━━┳━━━━━━━━━━┳━━━━━━━━━━━┳━━━━━━━━━━┳━━━━━━━━━━━┳━━━━━━━━━━┳━━━━━━━━━━━┳━━━━━━━━━━┓
┃                      ┃ Hold     ┃ Reg to   ┃          ┃          ┃ of which  ┃ Setup    ┃           ┃          ┃           ┃ of which ┃           ┃          ┃
┃                      ┃ Worst    ┃ Reg      ┃          ┃ Hold Vio ┃ reg to    ┃ Worst    ┃ Reg to    ┃ Setup    ┃ Setup Vio ┃ reg to   ┃ Max Cap   ┃ Max Slew ┃
┃ Corner/Group         ┃ Slack    ┃ Paths    ┃ Hold TNS ┃ Count    ┃ reg       ┃ Slack    ┃ Reg Paths ┃ TNS      ┃ Count     ┃ reg      ┃ Violatio… ┃ Violati… ┃
┡━━━━━━━━━━━━━━━━━━━━━━╇━━━━━━━━━━╇━━━━━━━━━━╇━━━━━━━━━━╇━━━━━━━━━━╇━━━━━━━━━━━╇━━━━━━━━━━╇━━━━━━━━━━━╇━━━━━━━━━━╇━━━━━━━━━━━╇━━━━━━━━━━╇━━━━━━━━━━━╇━━━━━━━━━━┩
│ Overall              │ 1000000… │ N/A      │ 0.0000   │ 0        │ 0         │ 6.2219   │ N/A       │ 0.0000   │ 0         │ 0        │ 33        │ 33       │
│ nom_tt_025C_1v80     │ 1000000… │ N/A      │ 0.0000   │ 0        │ 0         │ 15.9359  │ N/A       │ 0.0000   │ 0         │ 0        │ 33        │ 33       │
│ nom_ss_100C_1v60     │ 1000000… │ N/A      │ 0.0000   │ 0        │ 0         │ 6.5115   │ N/A       │ 0.0000   │ 0         │ 0        │ 33        │ 33       │
│ nom_ff_n40C_1v95     │ 1000000… │ N/A      │ 0.0000   │ 0        │ 0         │ 19.6591  │ N/A       │ 0.0000   │ 0         │ 0        │ 33        │ 33       │
│ min_tt_025C_1v80     │ 1000000… │ N/A      │ 0.0000   │ 0        │ 0         │ 16.0691  │ N/A       │ 0.0000   │ 0         │ 0        │ 33        │ 33       │
│ min_ss_100C_1v60     │ 1000000… │ N/A      │ 0.0000   │ 0        │ 0         │ 6.6638   │ N/A       │ 0.0000   │ 0         │ 0        │ 33        │ 33       │
│ min_ff_n40C_1v95     │ 1000000… │ N/A      │ 0.0000   │ 0        │ 0         │ 19.7845  │ N/A       │ 0.0000   │ 0         │ 0        │ 33        │ 33       │
│ max_tt_025C_1v80     │ 1000000… │ N/A      │ 0.0000   │ 0        │ 0         │ 15.6910  │ N/A       │ 0.0000   │ 0         │ 0        │ 33        │ 33       │
│ max_ss_100C_1v60     │ 1000000… │ N/A      │ 0.0000   │ 0        │ 0         │ 6.2219   │ N/A       │ 0.0000   │ 0         │ 0        │ 33        │ 33       │
│ max_ff_n40C_1v95     │ 1000000… │ N/A      │ 0.0000   │ 0        │ 0         │ 19.4276  │ N/A       │ 0.0000   │ 0         │ 0        │ 33        │ 33       │
└──────────────────────┴──────────┴──────────┴──────────┴──────────┴───────────┴──────────┴───────────┴──────────┴───────────┴──────────┴───────────┴──────────┘
