┏━━━━━━━━━━━━━━━━━━━━━━┳━━━━━━━━━━┳━━━━━━━━━━┳━━━━━━━━━━┳━━━━━━━━━━┳━━━━━━━━━━━┳━━━━━━━━━━┳━━━━━━━━━━━┳━━━━━━━━━━┳━━━━━━━━━━━┳━━━━━━━━━━┳━━━━━━━━━━━┳━━━━━━━━━━┓
┃                      ┃ Hold     ┃ Reg to   ┃          ┃          ┃ of which  ┃ Setup    ┃           ┃          ┃           ┃ of which ┃           ┃          ┃
┃                      ┃ Worst    ┃ Reg      ┃          ┃ Hold Vio ┃ reg to    ┃ Worst    ┃ Reg to    ┃ Setup    ┃ Setup Vio ┃ reg to   ┃ Max Cap   ┃ Max Slew ┃
┃ Corner/Group         ┃ Slack    ┃ Paths    ┃ Hold TNS ┃ Count    ┃ reg       ┃ Slack    ┃ Reg Paths ┃ TNS      ┃ Count     ┃ reg      ┃ Violatio… ┃ Violati… ┃
┡━━━━━━━━━━━━━━━━━━━━━━╇━━━━━━━━━━╇━━━━━━━━━━╇━━━━━━━━━━╇━━━━━━━━━━╇━━━━━━━━━━━╇━━━━━━━━━━╇━━━━━━━━━━━╇━━━━━━━━━━╇━━━━━━━━━━━╇━━━━━━━━━━╇━━━━━━━━━━━╇━━━━━━━━━━┩
│ Overall              │ 1000000… │ N/A      │ 0.0000   │ 0        │ 0         │ -180.76… │ N/A       │ -10353.… │ 191       │ 0        │ 64        │ 65       │
│ nom_tt_025C_1v80     │ 1000000… │ N/A      │ 0.0000   │ 0        │ 0         │ -97.1538 │ N/A       │ -5476.1… │ 64        │ 0        │ 64        │ 65       │
│ nom_ss_100C_1v60     │ 1000000… │ N/A      │ 0.0000   │ 0        │ 0         │ -180.76… │ N/A       │ -10353.… │ 64        │ 0        │ 64        │ 65       │
│ nom_ff_n40C_1v95     │ 1000000… │ N/A      │ 0.0000   │ 0        │ 0         │ -59.0202 │ N/A       │ -3271.0… │ 63        │ 0        │ 64        │ 65       │
└──────────────────────┴──────────┴──────────┴──────────┴──────────┴───────────┴──────────┴───────────┴──────────┴───────────┴──────────┴───────────┴──────────┘
